Nov 17 03:24:01 admin rsyslogd: [origin software="rsyslogd" swVersion="5.8.10" x-pid="18931" x-info="http://www.rsyslog.com"] rsyslogd was HUPed
Nov 20 02:42:08 admin kernel: ipmi device interface
Nov 20 04:39:26 admin kernel: imklog 5.8.10, log source = /proc/kmsg started.
Nov 20 04:39:26 admin rsyslogd: [origin software="rsyslogd" swVersion="5.8.10" x-pid="1303" x-info="http://www.rsyslog.com"] start
Nov 20 04:39:26 admin kernel: Initializing cgroup subsys cpuset
Nov 20 04:39:26 admin kernel: Initializing cgroup subsys cpu
Nov 20 04:39:26 admin kernel: Linux version 2.6.32-358.123.2.openstack.el6.x86_64 (mockbuild@x86-022.build.eng.bos.redhat.com) (gcc version 4.4.7 20120313 (Red Hat
 4.4.7-3) (GCC) ) #1 SMP Thu Sep 26 17:14:58 EDT 2013
Nov 20 04:39:26 admin kernel: Command line: ro root=/dev/mapper/vg_admin-lv_root rd_NO_LUKS LANG=en_US.UTF-8 rd_NO_MD SYSFONT=latarcyrheb-sun16 crashkernel=auto rd
_LVM_LV=vg_admin/lv_root  KEYBOARDTYPE=pc KEYTABLE=us rd_LVM_LV=vg_admin/lv_swap rd_NO_DM rhgb quiet
Nov 20 04:39:26 admin kernel: KERNEL supported cpus:
Nov 20 04:39:26 admin kernel:  Intel GenuineIntel
Nov 20 04:39:26 admin kernel:  AMD AuthenticAMD
Nov 20 04:39:26 admin kernel:  Centaur CentaurHauls
Nov 20 04:39:26 admin kernel: Disabled fast string operations
Nov 20 04:39:26 admin kernel: BIOS-provided physical RAM map:
Nov 20 04:39:26 admin kernel: BIOS-e820: 0000000000000000 - 000000000009dc00 (usable)
Nov 20 04:39:26 admin kernel: BIOS-e820: 000000000009dc00 - 00000000000a0000 (reserved)
Nov 20 04:39:26 admin kernel: BIOS-e820: 00000000000f0000 - 0000000000100000 (reserved)
Nov 20 04:39:26 admin kernel: BIOS-e820: 0000000000100000 - 000000003fffd000 (usable)
Nov 20 04:39:26 admin kernel: BIOS-e820: 000000003fffd000 - 0000000040000000 (reserved)
Nov 20 04:39:26 admin kernel: BIOS-e820: 00000000fffbc000 - 0000000100000000 (reserved)
Nov 20 04:39:26 admin kernel: DMI 2.4 present.
Nov 20 04:39:26 admin kernel: SMBIOS version 2.4 @ 0xFDA10
Nov 20 04:39:26 admin kernel: last_pfn = 0x3fffd max_arch_pfn = 0x400000000
Nov 20 04:39:26 admin kernel: PAT not supported by CPU.
Nov 20 04:39:26 admin kernel: init_memory_mapping: 0000000000000000-000000003fffd000
Nov 20 04:39:26 admin kernel: RAMDISK: 37068000 - 37fef6c6
Nov 20 04:39:26 admin kernel: ACPI: RSDP 00000000000fd9e0 00014 (v00 BOCHS )
Nov 20 04:39:26 admin kernel: ACPI: RSDT 000000003fffd640 00034 (v01 BOCHS  BXPCRSDT 00000001 BXPC 00000001)
Nov 20 04:39:26 admin kernel: ACPI: FACP 000000003ffffe20 00074 (v01 BOCHS  BXPCFACP 00000001 BXPC 00000001)
Nov 20 04:39:26 admin kernel: ACPI: DSDT 000000003fffd8c0 024F1 (v01   BXPC   BXDSDT 00000001 INTL 20090123)
Nov 20 04:39:26 admin kernel: ACPI: FACS 000000003ffffdc0 00040
Nov 20 04:39:26 admin kernel: ACPI: SSDT 000000003fffd7c0 000FF (v01 BOCHS  BXPCSSDT 00000001 BXPC 00000001)
Nov 20 04:39:26 admin kernel: ACPI: APIC 000000003fffd6d0 00080 (v01 BOCHS  BXPCAPIC 00000001 BXPC 00000001)
Nov 20 04:39:26 admin kernel: ACPI: SSDT 000000003fffd680 0004E (v01   BXPC BXSSDTPC 00000001 INTL 20090123)
Nov 20 04:39:26 admin kernel: Setting APIC routing to flat.
Nov 20 04:39:26 admin kernel: No NUMA configuration found
Nov 20 04:39:26 admin kernel: Faking a node at 0000000000000000-000000003fffd000
Nov 20 04:39:26 admin kernel: Bootmem setup node 0 0000000000000000-000000003fffd000
Nov 20 04:39:26 admin kernel:  NODE_DATA [0000000000009000 - 000000000003cfff]
Nov 20 04:39:26 admin kernel:  bootmap [000000000003d000 -  0000000000044fff] pages 8
Nov 20 04:39:26 admin kernel: (7 early reservations) ==> bootmem [0000000000 - 003fffd000]
Nov 20 04:39:26 admin kernel:  #0 [0000000000 - 0000001000]   BIOS data page ==> [0000000000 - 0000001000]
Nov 20 04:39:26 admin kernel:  #1 [0000006000 - 0000008000]       TRAMPOLINE ==> [0000006000 - 0000008000]
Nov 20 04:39:26 admin kernel:  #2 [0001000000 - 000201d964]    TEXT DATA BSS ==> [0001000000 - 000201d964]
Nov 20 04:39:26 admin kernel:  #3 [0037068000 - 0037fef6c6]          RAMDISK ==> [0037068000 - 0037fef6c6]
Nov 20 04:39:26 admin kernel:  #4 [000009dc00 - 0000100000]    BIOS reserved ==> [000009dc00 - 0000100000]
Nov 20 04:39:26 admin kernel:  #5 [000201e000 - 000201e081]              BRK ==> [000201e000 - 000201e081]
Nov 20 04:39:26 admin kernel:  #6 [0000008000 - 0000009000]          PGTABLE ==> [0000008000 - 0000009000]
Nov 20 04:39:26 admin kernel: found SMP MP-table at [ffff8800000fda30] fda30
Nov 20 04:39:26 admin kernel: kvm-clock: Using msrs 4b564d01 and 4b564d00
Nov 20 04:39:26 admin kernel: kvm-clock: cpu 0, msr 0:1c25681, boot clock
Nov 20 04:39:26 admin kernel: Zone PFN ranges:
Nov 20 04:39:26 admin kernel:  DMA      0x00000001 -> 0x00001000
Nov 20 04:39:26 admin kernel:  DMA32    0x00001000 -> 0x00100000
Nov 20 04:39:26 admin kernel:  Normal   0x00100000 -> 0x00100000
Nov 20 04:39:26 admin kernel: Movable zone start PFN for each node
Nov 20 04:39:26 admin kernel: early_node_map[2] active PFN ranges
Nov 20 04:39:26 admin kernel:    0: 0x00000001 -> 0x0000009d
Nov 20 04:39:26 admin kernel:    0: 0x00000100 -> 0x0003fffd
Nov 20 04:39:26 admin kernel: ACPI: PM-Timer IO Port: 0xb008
Nov 20 04:39:26 admin kernel: Setting APIC routing to flat.
Nov 20 04:39:26 admin kernel: ACPI: LAPIC (acpi_id[0x00] lapic_id[0x00] enabled)
Nov 20 04:39:26 admin kernel: ACPI: LAPIC (acpi_id[0x01] lapic_id[0x01] enabled)
Nov 20 04:39:26 admin kernel: ACPI: LAPIC_NMI (acpi_id[0xff] dfl dfl lint[0x1])
Nov 20 04:39:26 admin kernel: ACPI: IOAPIC (id[0x00] address[0xfec00000] gsi_base[0])
Nov 20 04:39:26 admin kernel: IOAPIC[0]: apic_id 0, version 17, address 0xfec00000, GSI 0-23
Nov 20 04:39:26 admin kernel: ACPI: INT_SRC_OVR (bus 0 bus_irq 0 global_irq 2 dfl dfl)
Nov 20 04:39:26 admin kernel: ACPI: INT_SRC_OVR (bus 0 bus_irq 5 global_irq 5 high level)
Nov 20 04:39:26 admin kernel: ACPI: INT_SRC_OVR (bus 0 bus_irq 9 global_irq 9 high level)
Nov 20 04:39:26 admin kernel: ACPI: INT_SRC_OVR (bus 0 bus_irq 10 global_irq 10 high level)
Nov 20 04:39:26 admin kernel: ACPI: INT_SRC_OVR (bus 0 bus_irq 11 global_irq 11 high level)
Nov 20 04:39:26 admin kernel: Using ACPI (MADT) for SMP configuration information
Nov 20 04:39:26 admin kernel: SMP: Allowing 2 CPUs, 0 hotplug CPUs
Nov 20 04:39:26 admin kernel: PM: Registered nosave memory: 000000000009d000 - 000000000009e000
Nov 20 04:39:26 admin kernel: PM: Registered nosave memory: 000000000009e000 - 00000000000a0000
Nov 20 04:39:26 admin kernel: PM: Registered nosave memory: 00000000000a0000 - 00000000000f0000
Nov 20 04:39:26 admin kernel: PM: Registered nosave memory: 00000000000f0000 - 0000000000100000
Nov 20 04:39:26 admin kernel: Allocating PCI resources starting at 40000000 (gap: 40000000:bffbc000)
Nov 20 04:39:26 admin kernel: Booting paravirtualized kernel on KVM
Nov 20 04:39:26 admin kernel: NR_CPUS:4096 nr_cpumask_bits:2 nr_cpu_ids:2 nr_node_ids:1
Nov 20 04:39:26 admin kernel: PERCPU: Embedded 31 pages/cpu @ffff880002200000 s94552 r8192 d24232 u1048576
Nov 20 04:39:26 admin kernel: pcpu-alloc: s94552 r8192 d24232 u1048576 alloc=1*2097152
Nov 20 04:39:26 admin kernel: pcpu-alloc: [0] 0 1
Nov 20 04:39:26 admin kernel: kvm-clock: cpu 0, msr 0:2216681, primary cpu clock
Nov 20 04:39:26 admin kernel: kvm-stealtime: cpu 0, msr 220e840
Nov 20 04:39:26 admin kernel: Built 1 zonelists in Node order, mobility grouping on.  Total pages: 258355
Nov 20 04:39:26 admin kernel: Policy zone: DMA32
Nov 20 04:39:26 admin kernel: Kernel command line: ro root=/dev/mapper/vg_admin-lv_root rd_NO_LUKS LANG=en_US.UTF-8 rd_NO_MD SYSFONT=latarcyrheb-sun16  rd_LVM_LV=v
g_admin/lv_root  KEYBOARDTYPE=pc KEYTABLE=us rd_LVM_LV=vg_admin/lv_swap rd_NO_DM rhgb quiet
Nov 20 04:39:26 admin kernel: PID hash table entries: 4096 (order: 3, 32768 bytes)
Nov 20 04:39:26 admin kernel: Checking aperture...
Nov 20 04:39:26 admin kernel: No AGP bridge found
Nov 20 04:39:26 admin kernel: Memory: 1000668k/1048564k available (5244k kernel code, 400k absent, 47496k reserved, 7098k data, 1264k init)
Nov 20 04:39:26 admin kernel: Hierarchical RCU implementation.
Nov 20 04:39:26 admin kernel: NR_IRQS:33024 nr_irqs:424
Nov 20 04:39:26 admin kernel: Console: colour VGA+ 80x25
Nov 20 04:39:26 admin kernel: console [tty0] enabled
Nov 20 04:39:26 admin kernel: allocated 4194304 bytes of page_cgroup
Nov 20 04:39:26 admin kernel: please try 'cgroup_disable=memory' option if you don't want memory cgroups
Nov 20 04:39:26 admin kernel: Detected 2800.098 MHz processor.
Nov 20 04:39:26 admin kernel: Calibrating delay loop (skipped) preset value.. 5600.19 BogoMIPS (lpj=2800098)
Nov 20 04:39:26 admin kernel: pid_max: default: 32768 minimum: 301
Nov 20 04:39:26 admin kernel: Security Framework initialized
Nov 20 04:39:26 admin kernel: SELinux:  Initializing.
Nov 20 04:39:26 admin kernel: Dentry cache hash table entries: 131072 (order: 8, 1048576 bytes)
Nov 20 04:39:26 admin kernel: Inode-cache hash table entries: 65536 (order: 7, 524288 bytes)
Nov 20 04:39:26 admin kernel: Mount-cache hash table entries: 256
Nov 20 04:39:26 admin kernel: Initializing cgroup subsys ns
Nov 20 04:39:26 admin kernel: Initializing cgroup subsys cpuacct
Nov 20 04:39:26 admin kernel: Initializing cgroup subsys memory
Nov 20 04:39:26 admin kernel: Initializing cgroup subsys devices
Nov 20 04:39:26 admin kernel: Initializing cgroup subsys freezer
Nov 20 04:39:26 admin kernel: Initializing cgroup subsys net_cls
Nov 20 04:39:26 admin kernel: Initializing cgroup subsys blkio
Nov 20 04:39:26 admin kernel: Initializing cgroup subsys perf_event
Nov 20 04:39:26 admin kernel: Initializing cgroup subsys net_prio
Nov 20 04:39:26 admin kernel: Disabled fast string operations
Nov 20 04:39:26 admin kernel: mce: CPU supports 10 MCE banks
Nov 20 04:39:26 admin kernel: alternatives: switching to unfair spinlock
Nov 20 04:39:26 admin kernel: ACPI: Core revision 20090903
Nov 20 04:39:26 admin kernel: ftrace: converting mcount calls to 0f 1f 44 00 00
Nov 20 04:39:26 admin kernel: ftrace: allocating 21532 entries in 85 pages
Nov 20 04:39:26 admin kernel: APIC routing finalized to flat.
Nov 20 04:39:26 admin kernel: ..TIMER: vector=0x30 apic1=0 pin1=2 apic2=-1 pin2=-1
Nov 20 04:39:26 admin kernel: CPU0: Intel QEMU Virtual CPU version (cpu64-rhel6) stepping 03
Nov 20 04:39:26 admin kernel: Performance Events: Broken PMU hardware detected, using software events only.
Nov 20 04:39:26 admin kernel: NMI watchdog disabled (cpu0): hardware events not enabled
Nov 20 04:39:26 admin kernel: Booting Node   0, Processors  #1 Ok.
Nov 20 04:39:26 admin kernel: kvm-clock: cpu 1, msr 0:2316681, secondary cpu clock
Nov 20 04:39:26 admin kernel: Disabled fast string operations
Nov 20 04:39:26 admin kernel: kvm-stealtime: cpu 1, msr 230e840
Nov 20 04:39:26 admin kernel: Brought up 2 CPUs
Nov 20 04:39:26 admin kernel: Total of 2 processors activated (11200.39 BogoMIPS).
Nov 20 04:39:26 admin kernel: devtmpfs: initialized
Nov 20 04:39:26 admin kernel: regulator: core version 0.5
Nov 20 04:39:26 admin kernel: NET: Registered protocol family 16
Nov 20 04:39:26 admin kernel: ACPI: bus type pci registered
Nov 20 04:39:26 admin kernel: PCI: Using configuration type 1 for base access
Nov 20 04:39:26 admin kernel: bio: create slab <bio-0> at 0
Nov 20 04:39:26 admin kernel: ACPI: Interpreter enabled
Nov 20 04:39:26 admin kernel: ACPI: (supports S0 S5)
Nov 20 04:39:26 admin kernel: ACPI: Using IOAPIC for interrupt routing
Nov 20 04:39:26 admin kernel: ACPI: No dock devices found.
Nov 20 04:39:26 admin kernel: HEST: Table not found.
Nov 20 04:39:26 admin kernel: PCI: Ignoring host bridge windows from ACPI; if necessary, use "pci=use_crs" and report a bug
Nov 20 04:39:26 admin kernel: ACPI: PCI Root Bridge [PCI0] (domain 0000 [bus 00-ff])
Nov 20 04:39:26 admin kernel: pci 0000:00:01.3: quirk: [io  0xb000-0xb03f] claimed by PIIX4 ACPI
Nov 20 04:39:26 admin kernel: pci 0000:00:01.3: quirk: [io  0xb100-0xb10f] claimed by PIIX4 SMB
Nov 20 04:39:26 admin kernel: ACPI: PCI Interrupt Link [LNKA] (IRQs 5 *10 11)
Nov 20 04:39:26 admin kernel: ACPI: PCI Interrupt Link [LNKB] (IRQs 5 *10 11)
Nov 20 04:39:26 admin kernel: ACPI: PCI Interrupt Link [LNKC] (IRQs 5 10 *11)
Nov 20 04:39:26 admin kernel: ACPI: PCI Interrupt Link [LNKD] (IRQs 5 10 *11)
Nov 20 04:39:26 admin kernel: ACPI: PCI Interrupt Link [LNKS] (IRQs 9) *0
Nov 20 04:39:26 admin kernel: vgaarb: device added: PCI:0000:00:02.0,decodes=io+mem,owns=io+mem,locks=none
Nov 20 04:39:26 admin kernel: vgaarb: loaded
Nov 20 04:39:26 admin kernel: vgaarb: bridge control possible 0000:00:02.0
Nov 20 04:39:26 admin kernel: SCSI subsystem initialized
Nov 20 04:39:26 admin kernel: usbcore: registered new interface driver usbfs
Nov 20 04:39:26 admin kernel: usbcore: registered new interface driver hub
Nov 20 04:39:26 admin kernel: usbcore: registered new device driver usb
Nov 20 04:39:26 admin kernel: PCI: Using ACPI for IRQ routing
Nov 20 04:39:26 admin kernel: lo: Dropping TSO features since no CSUM feature.
Nov 20 04:39:26 admin kernel: NetLabel: Initializing
Nov 20 04:39:26 admin kernel: NetLabel:  domain hash size = 128
Nov 20 04:39:26 admin kernel: NetLabel:  protocols = UNLABELED CIPSOv4
Nov 20 04:39:26 admin kernel: NetLabel:  unlabeled traffic allowed by default
Nov 20 04:39:26 admin kernel: Switching to clocksource kvm-clock
Nov 20 04:39:26 admin kernel: pnp: PnP ACPI init
Nov 20 04:39:26 admin kernel: ACPI: bus type pnp registered
Nov 20 04:39:26 admin kernel: pnp: PnP ACPI: found 6 devices
Nov 20 04:39:26 admin kernel: ACPI: ACPI bus type pnp unregistered
Nov 20 04:39:26 admin kernel: NET: Registered protocol family 2
Nov 20 04:39:26 admin kernel: IP route cache hash table entries: 32768 (order: 6, 262144 bytes)
Nov 20 04:39:26 admin kernel: TCP established hash table entries: 131072 (order: 9, 2097152 bytes)
Nov 20 04:39:26 admin kernel: TCP bind hash table entries: 65536 (order: 8, 1048576 bytes)
Nov 20 04:39:26 admin kernel: TCP: Hash tables configured (established 131072 bind 65536)
Nov 20 04:39:26 admin kernel: TCP reno registered
Nov 20 04:39:26 admin kernel: NET: Registered protocol family 1
Nov 20 04:39:26 admin kernel: pci 0000:00:00.0: Limiting direct PCI/PCI transfers
Nov 20 04:39:26 admin kernel: pci 0000:00:01.0: PIIX3: Enabling Passive Release
Nov 20 04:39:26 admin kernel: pci 0000:00:01.0: Activating ISA DMA hang workarounds
Nov 20 04:39:26 admin kernel: ACPI: PCI Interrupt Link [LNKD] enabled at IRQ 11
Nov 20 04:39:26 admin kernel: pci 0000:00:01.2: PCI INT D -> Link[LNKD] -> GSI 11 (level, high) -> IRQ 11
Nov 20 04:39:26 admin kernel: pci 0000:00:01.2: PCI INT D disabled
Nov 20 04:39:26 admin kernel: Trying to unpack rootfs image as initramfs...
Nov 20 04:39:26 admin kernel: Freeing initrd memory: 15901k freed
Nov 20 04:39:26 admin kernel: audit: initializing netlink socket (disabled)
Nov 20 04:39:26 admin kernel: type=2000 audit(1384940333.364:1): initialized
Nov 20 04:39:26 admin kernel: HugeTLB registered 2 MB page size, pre-allocated 0 pages
Nov 20 04:39:26 admin kernel: VFS: Disk quotas dquot_6.5.2
Nov 20 04:39:26 admin kernel: Dquot-cache hash table entries: 512 (order 0, 4096 bytes)
Nov 20 04:39:26 admin kernel: msgmni has been set to 1985
Nov 20 04:39:26 admin kernel: alg: No test for stdrng (krng)
Nov 20 04:39:26 admin kernel: ksign: Installing public key data
Nov 20 04:39:26 admin kernel: Loading keyring
Nov 20 04:39:26 admin kernel: - Added public key 6CAB00B395C1A3F
Nov 20 04:39:26 admin kernel: - User ID: Red Hat, Inc. (Kernel Module GPG key)
Nov 20 04:39:26 admin kernel: - Added public key D4A26C9CCD09BEDA
Nov 20 04:39:26 admin kernel: - User ID: Red Hat Enterprise Linux Driver Update Program <secalert@redhat.com>
Nov 20 04:39:26 admin kernel: Block layer SCSI generic (bsg) driver version 0.4 loaded (major 251)
Nov 20 04:39:26 admin kernel: io scheduler noop registered
Nov 20 04:39:26 admin kernel: io scheduler anticipatory registered
Nov 20 04:39:26 admin kernel: io scheduler deadline registered
Nov 20 04:39:26 admin kernel: io scheduler cfq registered (default)
Nov 20 04:39:26 admin kernel: pci_hotplug: PCI Hot Plug PCI Core version: 0.5
Nov 20 04:39:26 admin kernel: pciehp: PCI Express Hot Plug Controller Driver version: 0.4
Nov 20 04:39:26 admin kernel: acpiphp: ACPI Hot Plug PCI Controller Driver version: 0.5
Nov 20 04:39:26 admin kernel: acpiphp: Slot [1] registered
Nov 20 04:39:26 admin kernel: acpiphp: Slot [2] registered
Nov 20 04:39:26 admin kernel: acpiphp: Slot [3] registered
Nov 20 04:39:26 admin kernel: acpiphp: Slot [4] registered
Nov 20 04:39:26 admin kernel: acpiphp: Slot [5] registered
Nov 20 04:39:26 admin kernel: acpiphp: Slot [6] registered
Nov 20 04:39:26 admin kernel: acpiphp: Slot [7] registered
Nov 20 04:39:26 admin kernel: acpiphp: Slot [8] registered
Nov 20 04:39:26 admin kernel: acpiphp: Slot [9] registered
Nov 20 04:39:26 admin kernel: acpiphp: Slot [10] registered
Nov 20 04:39:26 admin kernel: acpiphp: Slot [11] registered
Nov 20 04:39:26 admin kernel: acpiphp: Slot [12] registered
Nov 20 04:39:26 admin kernel: acpiphp: Slot [13] registered
Nov 20 04:39:26 admin kernel: acpiphp: Slot [14] registered
Nov 20 04:39:26 admin kernel: acpiphp: Slot [15] registered
Nov 20 04:39:26 admin kernel: acpiphp: Slot [16] registered
Nov 20 04:39:26 admin kernel: acpiphp: Slot [17] registered
Nov 20 04:39:26 admin kernel: acpiphp: Slot [18] registered
Nov 20 04:39:26 admin kernel: acpiphp: Slot [19] registered
Nov 20 04:39:26 admin kernel: acpiphp: Slot [20] registered
Nov 20 04:39:26 admin kernel: acpiphp: Slot [21] registered
Nov 20 04:39:26 admin kernel: acpiphp: Slot [22] registered
Nov 20 04:39:26 admin kernel: acpiphp: Slot [23] registered
Nov 20 04:39:26 admin kernel: acpiphp: Slot [24] registered
Nov 20 04:39:26 admin kernel: acpiphp: Slot [25] registered
Nov 20 04:39:26 admin kernel: acpiphp: Slot [26] registered
Nov 20 04:39:26 admin kernel: acpiphp: Slot [27] registered
Nov 20 04:39:26 admin kernel: acpiphp: Slot [28] registered
Nov 20 04:39:26 admin kernel: acpiphp: Slot [29] registered
Nov 20 04:39:26 admin kernel: acpiphp: Slot [30] registered
Nov 20 04:39:26 admin kernel: acpiphp: Slot [31] registered
Nov 20 04:39:26 admin kernel: ipmi message handler version 39.2
Nov 20 04:39:26 admin kernel: IPMI System Interface driver.
Nov 20 04:39:26 admin kernel: ipmi_si: Adding default-specified kcs state machine
Nov 20 04:39:26 admin kernel: ipmi_si: Trying default-specified kcs state machine at i/o address 0xca2, slave address 0x0, irq 0
Nov 20 04:39:26 admin kernel: ipmi_si: Interface detection failed
Nov 20 04:39:26 admin kernel: ipmi_si: Adding default-specified smic state machine
Nov 20 04:39:26 admin kernel: ipmi_si: Trying default-specified smic state machine at i/o address 0xca9, slave address 0x0, irq 0
Nov 20 04:39:26 admin kernel: ipmi_si: Interface detection failed
Nov 20 04:39:26 admin kernel: ipmi_si: Adding default-specified bt state machine
Nov 20 04:39:26 admin kernel: ipmi_si: Trying default-specified bt state machine at i/o address 0xe4, slave address 0x0, irq 0
Nov 20 04:39:26 admin kernel: ipmi_si: Interface detection failed
Nov 20 04:39:26 admin kernel: ipmi_si: Unable to find any System Interface(s)
Nov 20 04:39:26 admin kernel: input: Power Button as /devices/LNXSYSTM:00/LNXPWRBN:00/input/input0
Nov 20 04:39:26 admin kernel: ACPI: Power Button [PWRF]
Nov 20 04:39:26 admin kernel: ERST: Table is not found!
Nov 20 04:39:26 admin kernel: GHES: HEST is not enabled!
Nov 20 04:39:26 admin kernel: Non-volatile memory driver v1.3
Nov 20 04:39:26 admin kernel: Linux agpgart interface v0.103
Nov 20 04:39:26 admin kernel: crash memory driver: version 1.1
Nov 20 04:39:26 admin kernel: Serial: 8250/16550 driver, 4 ports, IRQ sharing enabled
Nov 20 04:39:26 admin kernel: serial8250: ttyS0 at I/O 0x3f8 (irq = 4) is a 16550A
Nov 20 04:39:26 admin kernel: 00:05: ttyS0 at I/O 0x3f8 (irq = 4) is a 16550A
Nov 20 04:39:26 admin kernel: brd: module loaded
Nov 20 04:39:26 admin kernel: loop: module loaded
Nov 20 04:39:26 admin kernel: input: Macintosh mouse button emulation as /devices/virtual/input/input1
Nov 20 04:39:26 admin kernel: Fixed MDIO Bus: probed
Nov 20 04:39:26 admin kernel: ehci_hcd: USB 2.0 'Enhanced' Host Controller (EHCI) Driver
Nov 20 04:39:26 admin kernel: ohci_hcd: USB 1.1 'Open' Host Controller (OHCI) Driver
Nov 20 04:39:26 admin kernel: uhci_hcd: USB Universal Host Controller Interface driver
Nov 20 04:39:26 admin kernel: uhci_hcd 0000:00:01.2: PCI INT D -> Link[LNKD] -> GSI 11 (level, high) -> IRQ 11
Nov 20 04:39:26 admin kernel: uhci_hcd 0000:00:01.2: UHCI Host Controller
Nov 20 04:39:26 admin kernel: uhci_hcd 0000:00:01.2: new USB bus registered, assigned bus number 1
Nov 20 04:39:26 admin kernel: uhci_hcd 0000:00:01.2: irq 11, io base 0x0000c020
Nov 20 04:39:26 admin kernel: usb usb1: New USB device found, idVendor=1d6b, idProduct=0001
Nov 20 04:39:26 admin kernel: usb usb1: New USB device strings: Mfr=3, Product=2, SerialNumber=1
Nov 20 04:39:26 admin kernel: usb usb1: Product: UHCI Host Controller
Nov 20 04:39:26 admin kernel: usb usb1: Manufacturer: Linux 2.6.32-358.123.2.openstack.el6.x86_64 uhci_hcd
Nov 20 04:39:26 admin kernel: usb usb1: SerialNumber: 0000:00:01.2
Nov 20 04:39:26 admin kernel: usb usb1: configuration #1 chosen from 1 choice
Nov 20 04:39:26 admin kernel: hub 1-0:1.0: USB hub found
Nov 20 04:39:26 admin kernel: hub 1-0:1.0: 2 ports detected
Nov 20 04:39:26 admin kernel: PNP: PS/2 Controller [PNP0303:KBD,PNP0f13:MOU] at 0x60,0x64 irq 1,12
Nov 20 04:39:26 admin kernel: serio: i8042 KBD port at 0x60,0x64 irq 1
Nov 20 04:39:26 admin kernel: serio: i8042 AUX port at 0x60,0x64 irq 12
Nov 20 04:39:26 admin kernel: mice: PS/2 mouse device common for all mice
Nov 20 04:39:26 admin kernel: input: AT Translated Set 2 keyboard as /devices/platform/i8042/serio0/input/input2
Nov 20 04:39:26 admin kernel: rtc_cmos 00:01: RTC can wake from S4
Nov 20 04:39:26 admin kernel: rtc_cmos 00:01: rtc core: registered rtc_cmos as rtc0
Nov 20 04:39:26 admin kernel: rtc0: alarms up to one day, 114 bytes nvram
Nov 20 04:39:26 admin kernel: cpuidle: using governor ladder
Nov 20 04:39:26 admin kernel: cpuidle: using governor menu
Nov 20 04:39:26 admin kernel: EFI Variables Facility v0.08 2004-May-17
Nov 20 04:39:26 admin kernel: usbcore: registered new interface driver hiddev
Nov 20 04:39:26 admin kernel: usbcore: registered new interface driver usbhid
Nov 20 04:39:26 admin kernel: usbhid: v2.6:USB HID core driver
Nov 20 04:39:26 admin kernel: GRE over IPv4 demultiplexor driver
Nov 20 04:39:26 admin kernel: TCP cubic registered
Nov 20 04:39:26 admin kernel: Initializing XFRM netlink socket
Nov 20 04:39:26 admin kernel: NET: Registered protocol family 17
Nov 20 04:39:26 admin kernel: registered taskstats version 1
Nov 20 04:39:26 admin kernel: rtc_cmos 00:01: setting system clock to 2013-11-20 09:38:53 UTC (1384940333)
Nov 20 04:39:26 admin kernel: Initalizing network drop monitor service
Nov 20 04:39:26 admin kernel: Freeing unused kernel memory: 1264k freed
Nov 20 04:39:26 admin kernel: Write protecting the kernel read-only data: 10240k
Nov 20 04:39:26 admin kernel: Freeing unused kernel memory: 880k freed
Nov 20 04:39:26 admin kernel: Freeing unused kernel memory: 1664k freed
Nov 20 04:39:26 admin kernel: dracut: dracut-004-303.el6
Nov 20 04:39:26 admin kernel: dracut: rd_NO_LUKS: removing cryptoluks activation
Nov 20 04:39:26 admin kernel: device-mapper: uevent: version 1.0.3
Nov 20 04:39:26 admin kernel: device-mapper: ioctl: 4.23.6-ioctl (2012-07-25) initialised: dm-devel@redhat.com
Nov 20 04:39:26 admin kernel: udev: starting version 147
Nov 20 04:39:26 admin kernel: dracut: Starting plymouth daemon
Nov 20 04:39:26 admin kernel: dracut: rd_NO_DM: removing DM RAID activation
Nov 20 04:39:26 admin kernel: dracut: rd_NO_MD: removing MD RAID activation
Nov 20 04:39:26 admin kernel: ACPI: PCI Interrupt Link [LNKC] enabled at IRQ 10
Nov 20 04:39:26 admin kernel: virtio-pci 0000:00:03.0: PCI INT A -> Link[LNKC] -> GSI 10 (level, high) -> IRQ 10
Nov 20 04:39:26 admin kernel: ACPI: PCI Interrupt Link [LNKA] enabled at IRQ 10
Nov 20 04:39:26 admin kernel: virtio-pci 0000:00:05.0: PCI INT A -> Link[LNKA] -> GSI 10 (level, high) -> IRQ 10
Nov 20 04:39:26 admin kernel: ACPI: PCI Interrupt Link [LNKB] enabled at IRQ 11
Nov 20 04:39:26 admin kernel: virtio-pci 0000:00:06.0: PCI INT A -> Link[LNKB] -> GSI 11 (level, high) -> IRQ 11
Nov 20 04:39:26 admin kernel: scsi0 : ata_piix
Nov 20 04:39:26 admin kernel: scsi1 : ata_piix
Nov 20 04:39:26 admin kernel: ata1: PATA max MWDMA2 cmd 0x1f0 ctl 0x3f6 bmdma 0xc000 irq 14
Nov 20 04:39:26 admin kernel: ata2: PATA max MWDMA2 cmd 0x170 ctl 0x376 bmdma 0xc008 irq 15
Nov 20 04:39:26 admin kernel: usb 1-1: new full speed USB device number 2 using uhci_hcd
Nov 20 04:39:26 admin kernel: input: ImExPS/2 Generic Explorer Mouse as /devices/platform/i8042/serio1/input/input3
Nov 20 04:39:26 admin kernel: ata2.00: ATAPI: QEMU DVD-ROM, 0.12.1, max UDMA/100
Nov 20 04:39:26 admin kernel: ata2.00: configured for MWDMA2
Nov 20 04:39:26 admin kernel: scsi 1:0:0:0: CD-ROM            QEMU     QEMU DVD-ROM     0.12 PQ: 0 ANSI: 5
Nov 20 04:39:26 admin kernel: sr0: scsi3-mmc drive: 4x/4x xa/form2 tray
Nov 20 04:39:26 admin kernel: Uniform CD-ROM driver Revision: 3.20
Nov 20 04:39:26 admin kernel: vda:
Nov 20 04:39:26 admin kernel: usb 1-1: New USB device found, idVendor=0627, idProduct=0001
Nov 20 04:39:26 admin kernel: usb 1-1: New USB device strings: Mfr=1, Product=3, SerialNumber=5
Nov 20 04:39:26 admin kernel: usb 1-1: Product: QEMU USB Tablet
Nov 20 04:39:26 admin kernel: usb 1-1: Manufacturer: QEMU 0.12.1
Nov 20 04:39:26 admin kernel: usb 1-1: SerialNumber: 42
Nov 20 04:39:26 admin kernel: usb 1-1: configuration #1 chosen from 1 choice
Nov 20 04:39:26 admin kernel: input: QEMU 0.12.1 QEMU USB Tablet as /devices/pci0000:00/0000:00:01.2/usb1/1-1/1-1:1.0/input/input4
Nov 20 04:39:26 admin kernel: generic-usb 0003:0627:0001.0001: input,hidraw0: USB HID v0.01 Pointer [QEMU 0.12.1 QEMU USB Tablet] on usb-0000:00:01.2-1/input0
Nov 20 04:39:26 admin kernel: Refined TSC clocksource calibration: 2800.114 MHz.
Nov 20 04:39:26 admin kernel: vda1 vda2
Nov 20 04:39:26 admin kernel: dracut: Scanning devices vda2  for LVM logical volumes vg_admin/lv_root vg_admin/lv_swap
Nov 20 04:39:26 admin kernel: dracut: inactive '/dev/vg_admin/lv_root' [47.54 GiB] inherit
Nov 20 04:39:26 admin kernel: dracut: inactive '/dev/vg_admin/lv_swap' [1.97 GiB] inherit
Nov 20 04:39:26 admin kernel: EXT4-fs (dm-0): INFO: recovery required on readonly filesystem
Nov 20 04:39:26 admin kernel: EXT4-fs (dm-0): write access will be enabled during recovery
Nov 20 04:39:26 admin kernel: EXT4-fs (dm-0): orphan cleanup on readonly fs
Nov 20 04:39:26 admin kernel: EXT4-fs (dm-0): 10 orphan inodes deleted
Nov 20 04:39:26 admin kernel: EXT4-fs (dm-0): recovery complete
Nov 20 04:39:26 admin kernel: EXT4-fs (dm-0): mounted filesystem with ordered data mode. Opts:
Nov 20 04:39:26 admin kernel: dracut: Mounted root filesystem /dev/mapper/vg_admin-lv_root
Nov 20 04:39:26 admin kernel: dracut: Loading SELinux policy
Nov 20 04:39:26 admin kernel: type=1404 audit(1384940343.931:2): enforcing=1 old_enforcing=0 auid=4294967295 ses=4294967295
Nov 20 04:39:26 admin kernel: type=1403 audit(1384940345.160:3): policy loaded auid=4294967295 ses=4294967295
Nov 20 04:39:26 admin kernel: dracut:
Nov 20 04:39:26 admin kernel: dracut: Switching root
Nov 20 04:39:26 admin kernel: udev: starting version 147
Nov 20 04:39:26 admin kernel: sr 1:0:0:0: Attached scsi generic sg0 type 5
Nov 20 04:39:26 admin kernel: piix4_smbus 0000:00:01.3: SMBus Host Controller at 0xb100, revision 0
Nov 20 04:39:26 admin kernel: snd_hda_intel 0000:00:04.0: PCI INT A -> Link[LNKD] -> GSI 11 (level, high) -> IRQ 11
Nov 20 04:39:26 admin kernel: microcode: CPU0 sig=0x6d3, pf=0x1, revision=0x1
Nov 20 04:39:26 admin kernel: platform microcode: firmware: requesting intel-ucode/06-0d-03
Nov 20 04:39:26 admin kernel: microcode: CPU1 sig=0x6d3, pf=0x1, revision=0x1
Nov 20 04:39:26 admin kernel: platform microcode: firmware: requesting intel-ucode/06-0d-03
Nov 20 04:39:26 admin kernel: Microcode Update Driver: v2.00 <tigran@aivazian.fsnet.co.uk>, Peter Oruba
Nov 20 04:39:26 admin kernel: EXT4-fs (vda1): mounted filesystem with ordered data mode. Opts:
Nov 20 04:39:26 admin kernel: Adding 2064376k swap on /dev/mapper/vg_admin-lv_swap.  Priority:-1 extents:1 across:2064376k
Nov 20 04:39:26 admin kernel: NET: Registered protocol family 10
Nov 20 04:39:26 admin kernel: lo: Disabled Privacy Extensions
Nov 20 04:39:26 admin kernel: ip6_tables: (C) 2000-2006 Netfilter Core Team
Nov 20 04:39:26 admin kernel: nf_conntrack version 0.5.0 (7971 buckets, 31884 max)
Nov 20 04:39:26 admin kernel: ip_tables: (C) 2000-2006 Netfilter Core Team
Nov 20 04:39:27 admin rpc.statd[1364]: Version 1.2.3 starting
Nov 20 04:39:27 admin sm-notify[1365]: Version 1.2.3 starting
Nov 20 04:39:27 admin kernel: RPC: Registered named UNIX socket transport module.
Nov 20 04:39:27 admin kernel: RPC: Registered udp transport module.
Nov 20 04:39:27 admin kernel: RPC: Registered tcp transport module.
Nov 20 04:39:27 admin kernel: RPC: Registered tcp NFSv4.1 backchannel transport module.
Nov 20 04:39:28 admin kdump: No crashkernel parameter specified for running kernel
Nov 20 04:39:35 admin acpid: starting up
Nov 20 04:39:35 admin acpid: 1 rule loaded
Nov 20 04:39:35 admin acpid: waiting for events: event logging is off
Nov 20 04:39:37 admin acpid: client connected from 1554[68:68]
Nov 20 04:39:37 admin acpid: 1 client rule loaded
Nov 20 04:39:40 admin automount[1563]: lookup_read_master: lookup(nisplus): couldn't locate nis+ table auto.master
Nov 20 04:39:40 admin mcelog: failed to prefill DIMM database from DMI data
Nov 20 04:39:40 admin mcelog: mcelog read: No such device
Nov 20 04:39:42 admin nrpe[1599]: Starting up daemon
Nov 20 04:39:42 admin nrpe[1599]: Listening for connections on port 5666
Nov 20 04:39:42 admin nrpe[1599]: Allowing connections from: 10.10.11.20
Nov 20 04:39:44 admin abrtd: Init complete, entering main loop
